// Jest Snapshot v1, https://goo.gl/fbAQLP

exports[`AdditionalHeaderLeft AdditionalHeaderLeft snapshot 1`] = `
<TouchableOpacity
  activeOpacity={0.2}
  onPress={[Function]}
  style={
    Object {
      "paddingLeft": 10,
    }
  }
>
  <Icon
    allowFontScaling={false}
    color="#fff"
    name="left"
    size={30}
  />
</TouchableOpacity>
`;
