// Jest Snapshot v1, https://goo.gl/fbAQLP

exports[`HeaderLeft HeaderLeft snapshot 1`] = `
<TouchableOpacity
  activeOpacity={0.2}
  onPress={[Function]}
  style={
    Object {
      "alignItems": "flex-start",
      "flexDirection": "row",
      "justifyContent": "flex-start",
      "marginTop": 4,
    }
  }
>
  <Icon
    allowFontScaling={false}
    color="rgba(0,0,0,0.7)"
    name="menu"
    size={40}
    style={
      Object {
        "marginHorizontal": 5,
      }
    }
  />
</TouchableOpacity>
`;
