// Jest Snapshot v1, https://goo.gl/fbAQLP

exports[`SecondPage SecondPage snapshot 1`] = `
<View
  style={
    Object {
      "backgroundColor": "rgba(0,0,0,0.3)",
      "flex": 1,
    }
  }
>
  <View
    style={
      Object {
        "backgroundColor": "rgba(255,255,255,0.3)",
        "borderRadius": 3,
        "height": 60,
        "marginLeft": 5,
        "marginTop": 15,
        "width": 740,
      }
    }
  >
    <TouchableOpacity
      activeOpacity={0.2}
      style={
        Object {
          "alignItems": "center",
          "flexDirection": "row",
          "justifyContent": "flex-start",
        }
      }
    >
      <Icon
        allowFontScaling={false}
        name="plus"
        size={50}
      />
      <Text
        style={
          Object {
            "color": "gray",
            "fontFamily": "Roboto-Black",
            "fontSize": 25,
          }
        }
      >
        Press to add location
      </Text>
    </TouchableOpacity>
  </View>
</View>
`;
