// Jest Snapshot v1, https://goo.gl/fbAQLP

exports[`Main Main snapshot 1`] = `
<View
  style={
    Object {
      "backgroundColor": "rgba(0,0,0,0.3)",
      "flex": 1,
    }
  }
>
  <ScrollViewMock
    style={
      Object {
        "flex": 1,
      }
    }
  >
    <WeatherBox />
    <View
      style={
        Object {
          "backgroundColor": "rgba(0,0,0,0.3)",
          "borderRadius": 3,
          "flex": 2,
          "height": 150,
          "marginLeft": 5,
          "marginTop": 25,
          "width": 740,
        }
      }
    />
  </ScrollViewMock>
</View>
`;
