// Jest Snapshot v1, https://goo.gl/fbAQLP

exports[`Loader Loader snapshot 1`] = `
<AnimatedComponent
  source={
    Object {
      "testUri": "../../../app/assets/logos/cloudy-1.png",
    }
  }
  style={
    Array [
      Object {
        "alignItems": "center",
        "height": 250,
        "justifyContent": "center",
        "opacity": 0,
        "transform": Array [
          Object {
            "scale": 1,
          },
        ],
        "width": 250,
      },
    ]
  }
/>
`;
